---
":alias": |
  GITSH-ALIAS(1)

  NAME
        :alias

  DESCRIPTION
        Create local and global Git aliases for common
        command combinations. Internal Git aliasing
        logic is reused here so that aliases are
        available outside of Gitsh once defined.

  OPTIONS
        --global <name> <command>
              Define a global alias.
        --local <name> <command>
              Define a local alias for the current repo.
        --help
              Show this help page.
":exit": |
  GITSH-EXIT(1)

  NAME
        :exit

  DESCRIPTION
        Gracefully exit the program. This is equivalent
        to ctrl-c or ctrl-d.

  OPTIONS
        *
              Exit the program.
        --help
              Show this help page.
