---
add:
- "  Add file"
- "  contents"
- "  to the"
- "  index"
am:
- "  Apply a"
- "  series"
- "  of"
- "  patches"
- "  from a"
- "  mailbox"
annotate:
- "  Annotate"
- "  file"
- "  lines"
- "  with"
- "  commit"
- "  informa-"
- "  tion"
apply:
- "  Apply a"
- "  patch to"
- "  files"
- "  and/or"
- "  to the"
- "  index"
archimport:
- "  Import a"
- "  GNU Arch"
- "  reposit-"
- "  ory into"
- "  Git"
archive:
- "  Create"
- "  an"
- "  archive"
- "  of files"
- "  from a"
- "  named"
- "  tree"
attributes:
- "  Defining"
- "  attribu-"
- "  tes per"
- "  path"
bisect:
- "  Use"
- "  binary"
- "  search"
- "  to find"
- "  the"
- "  commit"
- "  that"
- "  introdu-"
- "  ced a"
- "  bug"
blame:
- "  Show"
- "  what"
- "  revision"
- "  and"
- "  author"
- "  last"
- "  modified"
- "  each"
- "  line of"
- "  a file"
branch:
- "  List,"
- "  create,"
- "  or"
- "  delete"
- "  branches"
bugreport:
- "  Collect"
- "  informa-"
- "  tion for"
- "  user to"
- "  file a"
- "  bug"
- "  report"
bundle:
- "  Move"
- "  objects"
- "  and refs"
- "  by"
- "  archive"
cat-file:
- "  Provide"
- "  contents"
- "  or"
- "  details"
- "  of"
- "  reposit-"
- "  ory"
- "  objects"
check-attr:
- "  Display"
- "  gitattr-"
- "  ibutes"
- "  informa-"
- "  tion"
check-ignore:
- "  Debug"
- "  gitigno-"
- "  re /"
- "  exclude"
- "  files"
check-mailmap:
- "  Show"
- "  canonic-"
- "  al names"
- "  and"
- "  email"
- "  address-"
- "  es of"
- "  contacts"
check-ref-format:
- "  Ensures"
- "  that a"
- "  referen-"
- "  ce name"
- "  is well"
- "  formed"
checkout:
- "  Switch"
- "  branches"
- "  or"
- "  restore"
- "  working"
- "  tree"
- "  files"
checkout-index:
- "  Copy"
- "  files"
- "  from the"
- "  index to"
- "  the"
- "  working"
- "  tree"
cherry:
- "  Find"
- "  commits"
- "  yet to"
- "  be"
- "  applied"
- "  to"
- "  upstream"
cherry-pick:
- "  Apply"
- "  the"
- "  changes"
- "  introdu-"
- "  ced by"
- "  some"
- "  existing"
- "  commits"
citool:
- " "
- "  Graphic-"
- "  al"
- "  alterna-"
- "  tive to"
- "  git-com-"
- "  mit"
clean:
- "  Remove"
- "  untrack-"
- "  ed files"
- "  from the"
- "  working"
- "  tree"
cli:
- "  Git"
- "  command-"
- "  -line"
- "  interfa-"
- "  ce and"
- "  convent-"
- "  ions"
clone:
- "  Clone a"
- "  reposit-"
- "  ory into"
- "  a new"
- "  directo-"
- "  ry"
column:
- "  Display"
- "  data in"
- "  columns"
commit:
- "  Record"
- "  changes"
- "  to the"
- "  reposit-"
- "  ory"
commit-graph:
- "  Write"
- "  and"
- "  verify"
- "  Git"
- "  commit--"
- "  graph"
- "  files"
commit-tree:
- "  Create a"
- "  new"
- "  commit"
- "  object"
config:
- "  Get and"
- "  set"
- "  reposit-"
- "  ory or"
- "  global"
- "  options"
count-objects:
- "  Count"
- "  unpacked"
- "  number"
- "  of"
- "  objects"
- "  and"
- "  their"
- "  disk"
- "  consump-"
- "  tion"
credential:
- "  Retrieve"
- "  and"
- "  store"
- "  user"
- "  credent-"
- "  ials"
credential-cache:
- "  Helper"
- "  to"
- "  tempora-"
- "  rily"
- "  store"
- "  passwor-"
- "  ds in"
- "  memory"
credential-store:
- "  Helper"
- "  to store"
- "  credent-"
- "  ials on"
- "  disk"
cvsexportcommit:
- "  Export a"
- "  single"
- "  commit"
- "  to a CVS"
- "  checkout"
cvsimport:
- "  Salvage"
- "  your"
- "  data out"
- "  of"
- "  another"
- "  SCM"
- "  people"
- "  love to"
- "  hate"
cvsserver:
- "  A CVS"
- "  server"
- "  emulator"
- "  for Git"
daemon:
- "  A really"
- "  simple"
- "  server"
- "  for Git"
- "  reposit-"
- "  ories"
describe:
- "  Give an"
- "  object a"
- "  human"
- "  readable"
- "  name"
- "  based on"
- "  an"
- "  availab-"
- "  le ref"
diagnose:
- "  Generate"
- "  a zip"
- "  archive"
- "  of"
- "  diagnos-"
- "  tic"
- "  informa-"
- "  tion"
diff:
- "  Show"
- "  changes"
- "  between"
- "  commits,"
- "  commit"
- "  and"
- "  working"
- "  tree,"
- "  etc"
diff-files:
- "  Compares"
- "  files in"
- "  the"
- "  working"
- "  tree and"
- "  the"
- "  index"
diff-index:
- "  Compare"
- "  a tree"
- "  to the"
- "  working"
- "  tree or"
- "  index"
diff-tree:
- "  Compares"
- "  the"
- "  content"
- "  and mode"
- "  of blobs"
- "  found"
- "  via two"
- "  tree"
- "  objects"
difftool:
- "  Show"
- "  changes"
- "  using"
- "  common"
- "  diff"
- "  tools"
fast-export:
- "  Git data"
- "  exporter"
fast-import:
- "  Backend"
- "  for fast"
- "  Git data"
- "  importe-"
- "  rs"
fetch:
- "  Download"
- "  objects"
- "  and refs"
- "  from"
- "  another"
- "  reposit-"
- "  ory"
fetch-pack:
- "  Receive"
- "  missing"
- "  objects"
- "  from"
- "  another"
- "  reposit-"
- "  ory"
filter-branch:
- "  Rewrite"
- "  branches"
fmt-merge-msg:
- "  Produce"
- "  a merge"
- "  commit"
- "  message"
for-each-ref:
- "  Output"
- "  informa-"
- "  tion on"
- "  each ref"
for-each-repo:
- "  Run a"
- "  Git"
- "  command"
- "  on a"
- "  list of"
- "  reposit-"
- "  ories"
format-bundle:
- "  The"
- "  bundle"
- "  file"
- "  format"
format-chunk:
- " "
- "  Chunk-b-"
- "  ased"
- "  file"
- "  formats"
format-commit-graph:
- "  Git"
- "  commit--"
- "  graph"
- "  format"
format-index:
- "  Git"
- "  index"
- "  format"
format-pack:
- "  Git pack"
- "  format"
format-patch:
- "  Prepare"
- "  patches"
- "  for"
- "  e-mail"
- "  submiss-"
- "  ion"
format-signature:
- "  Git"
- "  cryptog-"
- "  raphic"
- "  signatu-"
- "  re"
- "  formats"
fsck:
- "  Verifies"
- "  the"
- "  connect-"
- "  ivity"
- "  and"
- "  validity"
- "  of the"
- "  objects"
- "  in the"
- "  database"
gc:
- "  Cleanup"
- "  unneces-"
- "  sary"
- "  files"
- "  and"
- "  optimize"
- "  the"
- "  local"
- "  reposit-"
- "  ory"
get-tar-commit-id:
- "  Extract"
- "  commit"
- "  ID from"
- "  an"
- "  archive"
- "  created"
- "  using"
- "  git-arc-"
- "  hive"
gitk:
- "  The Git"
- "  reposit-"
- "  ory"
- "  browser"
gitweb:
- "  Git web"
- "  interfa-"
- "  ce (web"
- "  frontend"
- "  to Git"
- "  reposit-"
- "  ories)"
grep:
- "  Print"
- "  lines"
- "  matching"
- "  a"
- "  pattern"
gui:
- "  A"
- "  portable"
- "  graphic-"
- "  al"
- "  interfa-"
- "  ce to"
- "  Git"
hash-object:
- "  Compute"
- "  object"
- "  ID and"
- "  optiona-"
- "  lly"
- "  create"
- "  an"
- "  object"
- "  from a"
- "  file"
help:
- "  Display"
- "  help"
- "  informa-"
- "  tion"
- "  about"
- "  Git"
hook:
- "  Run git"
- "  hooks"
hooks:
- "  Hooks"
- "  used by"
- "  Git"
http-backend:
- "  Server"
- "  side"
- "  impleme-"
- "  ntation"
- "  of Git"
- "  over"
- "  HTTP"
ignore:
- " "
- "  Specifi-"
- "  es"
- "  intenti-"
- "  onally"
- "  untrack-"
- "  ed files"
- "  to"
- "  ignore"
imap-send:
- "  Send a"
- "  collect-"
- "  ion of"
- "  patches"
- "  from"
- "  stdin to"
- "  an IMAP"
- "  folder"
index-pack:
- "  Build"
- "  pack"
- "  index"
- "  file for"
- "  an"
- "  existing"
- "  packed"
- "  archive"
init:
- "  Create"
- "  an empty"
- "  Git"
- "  reposit-"
- "  ory or"
- "  reiniti-"
- "  alize an"
- "  existing"
- "  one"
instaweb:
- " "
- "  Instant-"
- "  ly"
- "  browse"
- "  your"
- "  working"
- "  reposit-"
- "  ory in"
- "  gitweb"
interpret-trailers:
- "  Add or"
- "  parse"
- "  structu-"
- "  red"
- "  informa-"
- "  tion in"
- "  commit"
- "  messages"
log:
- "  Show"
- "  commit"
- "  logs"
ls-files:
- "  Show"
- "  informa-"
- "  tion"
- "  about"
- "  files in"
- "  the"
- "  index"
- "  and the"
- "  working"
- "  tree"
ls-remote:
- "  List"
- "  referen-"
- "  ces in a"
- "  remote"
- "  reposit-"
- "  ory"
ls-tree:
- "  List the"
- "  contents"
- "  of a"
- "  tree"
- "  object"
mailinfo:
- "  Extracts"
- "  patch"
- "  and"
- "  authors-"
- "  hip from"
- "  a single"
- "  e-mail"
- "  message"
mailmap:
- "  Map"
- "  author/-"
- "  committ-"
- "  er names"
- "  and/or"
- "  E-Mail"
- "  address-"
- "  es"
mailsplit:
- "  Simple"
- "  UNIX"
- "  mbox"
- "  splitter"
- "  program"
maintenance:
- "  Run"
- "  tasks to"
- "  optimize"
- "  Git"
- "  reposit-"
- "  ory data"
merge:
- "  Join two"
- "  or more"
- "  develop-"
- "  ment"
- "  histori-"
- "  es"
- "  together"
merge-base:
- "  Find as"
- "  good"
- "  common"
- "  ancesto-"
- "  rs as"
- "  possible"
- "  for a"
- "  merge"
merge-file:
- "  Run a"
- "  three-w-"
- "  ay file"
- "  merge"
merge-index:
- "  Run a"
- "  merge"
- "  for"
- "  files"
- "  needing"
- "  merging"
merge-one-file:
- "  The"
- "  standard"
- "  helper"
- "  program"
- "  to use"
- "  with"
- "  git-mer-"
- "  ge-index"
merge-tree:
- "  Perform"
- "  merge"
- "  without"
- "  touching"
- "  index or"
- "  working"
- "  tree"
mergetool:
- "  Run"
- "  merge"
- "  conflict"
- "  resolut-"
- "  ion"
- "  tools to"
- "  resolve"
- "  merge"
- "  conflic-"
- "  ts"
mktag:
- "  Creates"
- "  a tag"
- "  object"
- "  with"
- "  extra"
- "  validat-"
- "  ion"
mktree:
- "  Build a"
- "  tree-ob-"
- "  ject"
- "  from"
- "  ls-tree"
- "  formatt-"
- "  ed text"
modules:
- "  Defining"
- "  submodu-"
- "  le"
- "  propert-"
- "  ies"
multi-pack-index:
- "  Write"
- "  and"
- "  verify"
- "  multi-p-"
- "  ack-ind-"
- "  exes"
mv:
- "  Move or"
- "  rename a"
- "  file, a"
- "  directo-"
- "  ry, or a"
- "  symlink"
name-rev:
- "  Find"
- "  symbolic"
- "  names"
- "  for"
- "  given"
- "  revs"
notes:
- "  Add or"
- "  inspect"
- "  object"
- "  notes"
pack-objects:
- "  Create a"
- "  packed"
- "  archive"
- "  of"
- "  objects"
pack-redundant:
- "  Find"
- "  redunda-"
- "  nt pack"
- "  files"
pack-refs:
- "  Pack"
- "  heads"
- "  and tags"
- "  for"
- "  efficie-"
- "  nt"
- "  reposit-"
- "  ory"
- "  access"
patch-id:
- "  Compute"
- "  unique"
- "  ID for a"
- "  patch"
protocol-capabilities:
- "  Protocol"
- "  v0 and"
- "  v1"
- "  capabil-"
- "  ities"
protocol-common:
- "  Things"
- "  common"
- "  to"
- "  various"
- "  protoco-"
- "  ls"
protocol-http:
- "  Git"
- "  HTTP-ba-"
- "  sed"
- "  protoco-"
- "  ls"
protocol-pack:
- "  How"
- "  packs"
- "  are"
- "  transfe-"
- "  rred"
- "  over-th-"
- "  e-wire"
prune:
- "  Prune"
- "  all"
- "  unreach-"
- "  able"
- "  objects"
- "  from the"
- "  object"
- "  database"
prune-packed:
- "  Remove"
- "  extra"
- "  objects"
- "  that are"
- "  already"
- "  in pack"
- "  files"
pull:
- "  Fetch"
- "  from and"
- "  integra-"
- "  te with"
- "  another"
- "  reposit-"
- "  ory or a"
- "  local"
- "  branch"
push:
- "  Update"
- "  remote"
- "  refs"
- "  along"
- "  with"
- "  associa-"
- "  ted"
- "  objects"
quiltimport:
- "  Applies"
- "  a quilt"
- "  patchset"
- "  onto the"
- "  current"
- "  branch"
range-diff:
- "  Compare"
- "  two"
- "  commit"
- "  ranges"
- "  (e.g."
- "  two"
- "  versions"
- "  of a"
- "  branch)"
read-tree:
- "  Reads"
- "  tree"
- "  informa-"
- "  tion"
- "  into the"
- "  index"
rebase:
- "  Reapply"
- "  commits"
- "  on top"
- "  of"
- "  another"
- "  base tip"
reflog:
- "  Manage"
- "  reflog"
- "  informa-"
- "  tion"
remote:
- "  Manage"
- "  set of"
- "  tracked"
- "  reposit-"
- "  ories"
repack:
- "  Pack"
- "  unpacked"
- "  objects"
- "  in a"
- "  reposit-"
- "  ory"
replace:
- "  Create,"
- "  list,"
- "  delete"
- "  refs to"
- "  replace"
- "  objects"
repository-layout:
- "  Git"
- "  Reposit-"
- "  ory"
- "  Layout"
request-pull:
- " "
- "  Generat-"
- "  es a"
- "  summary"
- "  of"
- "  pending"
- "  changes"
rerere:
- "  Reuse"
- "  recorded"
- "  resolut-"
- "  ion of"
- "  conflic-"
- "  ted"
- "  merges"
reset:
- "  Reset"
- "  current"
- "  HEAD to"
- "  the"
- "  specifi-"
- "  ed state"
restore:
- "  Restore"
- "  working"
- "  tree"
- "  files"
rev-list:
- "  Lists"
- "  commit"
- "  objects"
- "  in"
- "  reverse"
- "  chronol-"
- "  ogical"
- "  order"
rev-parse:
- "  Pick out"
- "  and"
- "  massage"
- "  paramet-"
- "  ers"
revert:
- "  Revert"
- "  some"
- "  existing"
- "  commits"
revisions:
- " "
- "  Specify-"
- "  ing"
- "  revisio-"
- "  ns and"
- "  ranges"
- "  for Git"
rm:
- "  Remove"
- "  files"
- "  from the"
- "  working"
- "  tree and"
- "  from the"
- "  index"
scalar:
- "  A tool"
- "  for"
- "  managing"
- "  large"
- "  Git"
- "  reposit-"
- "  ories"
send-email:
- "  Send a"
- "  collect-"
- "  ion of"
- "  patches"
- "  as"
- "  emails"
send-pack:
- "  Push"
- "  objects"
- "  over Git"
- "  protocol"
- "  to"
- "  another"
- "  reposit-"
- "  ory"
sh-setup:
- "  Common"
- "  Git"
- "  shell"
- "  script"
- "  setup"
- "  code"
shortlog:
- " "
- "  Summari-"
- "  ze 'git"
- "  log'"
- "  output"
show:
- "  Show"
- "  various"
- "  types of"
- "  objects"
show-branch:
- "  Show"
- "  branches"
- "  and"
- "  their"
- "  commits"
show-index:
- "  Show"
- "  packed"
- "  archive"
- "  index"
show-ref:
- "  List"
- "  referen-"
- "  ces in a"
- "  local"
- "  reposit-"
- "  ory"
sparse-checkout:
- "  Reduce"
- "  your"
- "  working"
- "  tree to"
- "  a subset"
- "  of"
- "  tracked"
- "  files"
stash:
- "  Stash"
- "  the"
- "  changes"
- "  in a"
- "  dirty"
- "  working"
- "  directo-"
- "  ry away"
status:
- "  Show the"
- "  working"
- "  tree"
- "  status"
stripspace:
- "  Remove"
- "  unneces-"
- "  sary"
- "  whitesp-"
- "  ace"
submodule:
- " "
- "  Initial-"
- "  ize,"
- "  update"
- "  or"
- "  inspect"
- "  submodu-"
- "  les"
svn:
- " "
- "  Bidirec-"
- "  tional"
- "  operati-"
- "  on"
- "  between"
- "  a"
- "  Subvers-"
- "  ion"
- "  reposit-"
- "  ory and"
- "  Git"
switch:
- "  Switch"
- "  branches"
symbolic-ref:
- "  Read,"
- "  modify"
- "  and"
- "  delete"
- "  symbolic"
- "  refs"
tag:
- "  Create,"
- "  list,"
- "  delete"
- "  or"
- "  verify a"
- "  tag"
- "  object"
- "  signed"
- "  with GPG"
unpack-file:
- "  Creates"
- "  a"
- "  tempora-"
- "  ry file"
- "  with a"
- "  blob's"
- "  contents"
unpack-objects:
- "  Unpack"
- "  objects"
- "  from a"
- "  packed"
- "  archive"
update-index:
- "  Register"
- "  file"
- "  contents"
- "  in the"
- "  working"
- "  tree to"
- "  the"
- "  index"
update-ref:
- "  Update"
- "  the"
- "  object"
- "  name"
- "  stored"
- "  in a ref"
- "  safely"
update-server-info:
- "  Update"
- "  auxilia-"
- "  ry info"
- "  file to"
- "  help"
- "  dumb"
- "  servers"
var:
- "  Show a"
- "  Git"
- "  logical"
- "  variable"
verify-commit:
- "  Check"
- "  the GPG"
- "  signatu-"
- "  re of"
- "  commits"
verify-pack:
- "  Validate"
- "  packed"
- "  Git"
- "  archive"
- "  files"
verify-tag:
- "  Check"
- "  the GPG"
- "  signatu-"
- "  re of"
- "  tags"
version:
- "  Display"
- "  version"
- "  informa-"
- "  tion"
- "  about"
- "  Git"
whatchanged:
- "  Show"
- "  logs"
- "  with"
- "  differe-"
- "  nces"
- "  each"
- "  commit"
- "  introdu-"
- "  ces"
worktree:
- "  Manage"
- "  multiple"
- "  working"
- "  trees"
write-tree:
- "  Create a"
- "  tree"
- "  object"
- "  from the"
- "  current"
- "  index"
